Traceback (most recent call last):
  File "/data/data/com.termux/files/usr/bin/termux-diffusion", line 6, in <module>
    sys.exit(main())
             ~~~~^^
  File "/data/data/com.termux/files/usr/lib/python3.13/site-packages/termux_diffusion/cli.py", line 88, in main
    res = generate(
        prompt=args.prompt,
    ...<21 lines>...
        auto_provision=True
    )
  File "/data/data/com.termux/files/usr/lib/python3.13/site-packages/termux_diffusion/core.py", line 457, in generate
    raise TermuxDiffusionError(
        f"Engine process failed with return code {process.returncode}.\nDetails:\n{err_detail}"
    )
termux_diffusion.exceptions.TermuxDiffusionError: Engine process failed with return code 1.
Details:
--vae-tile-size                          tile size for vae tiling, format [X]x[Y] (default: 32x32)
--vae-relative-tile-size                 relative tile size for vae tiling, format [X]x[Y], in fraction of image size
if < 1, in number of tiles per dim if >=1 (overrides --vae-tile-size)
--prompt-file                            path to the file containing the prompt to render
--negative-prompt-file                   path to the file containing the negative prompt
