[termux-diffusion] Processing inference with model='sdxs' (steps=1, threads=4, device=vulkan)...
  > -o, --output <string>         path to write result image to. you can use printf-style %d format specifiers for image
  > sequences (default: ./output.png) (eg. output_%03d.png). Single-file video outputs
  > --preview-interval <int>      interval in denoising steps between consecutive updates of the image preview file
  > (default is 1, meaning updating at every step)
  > %d in output path, 1 otherwise)
  > inpaint_padding, inpaint_width, inpaint_height, denoising_strength, steps,
  > --steps <int>                            number of sample steps (default: 20)
  > --high-noise-steps <int>                 (high noise) number of sample steps (default: -1 = auto)
  > --timestep-shift <int>                   shift timestep for NitroFusion models (default: 0). recommended N for
  > --hires-steps <int>                      highres fix second pass sample steps, 0 to reuse --steps (default: 0)
  > --eta <float>                            noise multiplier (default: 0 for ddim_trailing, tcd, res_multistep and
  > res_multistep and res_2s; 1 for euler_a, er_sde, dpm++2s_a, dpm++2m_sde and
  > --moe-boundary <float>                   timestep boundary for Wan2.2 MoE model. (default: 0.875). Only enabled if
  > `--high-noise-steps` is set to -1
  > --sampling-method                        sampling method, one of [euler, euler_a, heun, dpm2, dpm++2s_a, dpm++2m,
  > dpm++2mv2, ipndm, ipndm_v, lcm, ddim_trailing, tcd, res_multistep, res_2s,
  > --high-noise-sampling-method             (high noise) sampling method, one of [euler, euler_a, heun, dpm2, dpm++2s_a,
  > dpm++2m, dpm++2mv2, ipndm, ipndm_v, lcm, ddim_trailing, tcd, res_multistep,
  > sgm_uniform, simple, smoothstep, kl_optimal, lcm, bong_tangent, ltx2,
  > --skip-layers                            layers to skip for SLG steps (default: [7,8,9])
  > --high-noise-skip-layers                 (high noise) layers to skip for SLG steps (default: [7,8,9])
  > --scm-mask                               SCM steps mask for cache-dit: comma-separated 0/1 (e.g.,
